#-----------------------------------------------------------
# Vivado v2018.2.1 (64-bit)
# SW Build 2288692 on Thu Jul 26 18:24:02 MDT 2018
# IP Build 2289599 on Thu Jul 26 21:09:20 MDT 2018
# Start of session at: Thu May  2 16:59:23 2019
# Process ID: 9492
# Current directory: Z:/rrutherford20/CS-401-1-CompArch/CompArchFinal/Working_MP3
# Command line: vivado.exe -gui_launcher_event rodinguilauncherevent5472 Z:\rrutherford20\CS-401-1-CompArch\CompArchFinal\Working_MP3\mips.xpr
# Log file: Z:/rrutherford20/CS-401-1-CompArch/CompArchFinal/Working_MP3/vivado.log
# Journal file: Z:/rrutherford20/CS-401-1-CompArch/CompArchFinal/Working_MP3\vivado.jou
#-----------------------------------------------------------
start_gui
open_project Z:/rrutherford20/CS-401-1-CompArch/CompArchFinal/Working_MP3/mips.xpr
launch_simulation
open_wave_config Z:/rrutherford20/CS-401-1-CompArch/CompArchFinal/Working_MP3/mips_testbench_behav.wcfg
source mips_testbench.tcl
reset_run dual_port_ram_synth_1
launch_runs dual_port_ram_synth_1
wait_on_run dual_port_ram_synth_1
synth_design -rtl -name rtl_1
refresh_design
refresh_design
close_sim
launch_simulation
open_wave_config Z:/rrutherford20/CS-401-1-CompArch/CompArchFinal/Working_MP3/mips_testbench_behav.wcfg
source mips_testbench.tcl
restart
run 10 ns
run 10 ns
run 10 ns
run 10 ns
run 10 ns
run 10 ns
run 10 ns
run 10 ns
run 10 ns
run 10 ns
run 10 ns
run 10 ns
refresh_design
refresh_design
save_wave_config {Z:/rrutherford20/CS-401-1-CompArch/CompArchFinal/Working_MP3/mips_testbench_behav.wcfg}
close_sim
launch_simulation
open_wave_config Z:/rrutherford20/CS-401-1-CompArch/CompArchFinal/Working_MP3/mips_testbench_behav.wcfg
source mips_testbench.tcl
