#-----------------------------------------------------------
# Vivado v2018.2.1 (64-bit)
# SW Build 2288692 on Thu Jul 26 18:24:02 MDT 2018
# IP Build 2289599 on Thu Jul 26 21:09:20 MDT 2018
# Start of session at: Sun May 12 11:28:47 2019
# Process ID: 9424
# Current directory: Z:/rrutherford20/CS-401-1-CompArch/CompArchFinal/Working_MP3
# Command line: vivado.exe -gui_launcher_event rodinguilauncherevent3352 Z:\rrutherford20\CS-401-1-CompArch\CompArchFinal\Working_MP3\mips.xpr
# Log file: Z:/rrutherford20/CS-401-1-CompArch/CompArchFinal/Working_MP3/vivado.log
# Journal file: Z:/rrutherford20/CS-401-1-CompArch/CompArchFinal/Working_MP3\vivado.jou
#-----------------------------------------------------------
start_gui
open_project Z:/rrutherford20/CS-401-1-CompArch/CompArchFinal/Working_MP3/mips.xpr
launch_simulation
open_wave_config Z:/rrutherford20/CS-401-1-CompArch/CompArchFinal/Working_MP3/mips_testbench_behav.wcfg
source mips_testbench.tcl
add_bp {Z:/rrutherford20/CS-401-1-CompArch/CompArchFinal/Working_MP3/mips.srcs/sources_1/imports/new/display_hex.vhd} 61
run 40 ns
close_sim
launch_simulation
open_wave_config Z:/rrutherford20/CS-401-1-CompArch/CompArchFinal/Working_MP3/mips_testbench_behav.wcfg
source mips_testbench.tcl
step
step
step
run 40 ns
remove_bps -file {Z:/rrutherford20/CS-401-1-CompArch/CompArchFinal/Working_MP3/mips.srcs/sources_1/imports/new/display_hex.vhd} -line 61
add_bp {Z:/rrutherford20/CS-401-1-CompArch/CompArchFinal/Working_MP3/mips.srcs/sources_1/imports/new/display_hex.vhd} 61
remove_bps -file {Z:/rrutherford20/CS-401-1-CompArch/CompArchFinal/Working_MP3/mips.srcs/sources_1/imports/new/display_hex.vhd} -line 61
add_bp {Z:/rrutherford20/CS-401-1-CompArch/CompArchFinal/Working_MP3/mips.srcs/sources_1/imports/new/display_hex.vhd} 61
remove_bps -file {Z:/rrutherford20/CS-401-1-CompArch/CompArchFinal/Working_MP3/mips.srcs/sources_1/imports/new/display_hex.vhd} -line 61
add_bp {Z:/rrutherford20/CS-401-1-CompArch/CompArchFinal/Working_MP3/mips.srcs/sources_1/imports/new/display_hex.vhd} 61
run 40 ns
run 40 ns
remove_bps -file {Z:/rrutherford20/CS-401-1-CompArch/CompArchFinal/Working_MP3/mips.srcs/sources_1/imports/new/display_hex.vhd} -line 61
add_bp {Z:/rrutherford20/CS-401-1-CompArch/CompArchFinal/Working_MP3/mips.srcs/sources_1/imports/new/display_hex.vhd} 61
remove_bps -file {Z:/rrutherford20/CS-401-1-CompArch/CompArchFinal/Working_MP3/mips.srcs/sources_1/imports/new/display_hex.vhd} -line 61
add_bp {Z:/rrutherford20/CS-401-1-CompArch/CompArchFinal/Working_MP3/mips.srcs/sources_1/imports/new/display_hex.vhd} 61
remove_bps -file {Z:/rrutherford20/CS-401-1-CompArch/CompArchFinal/Working_MP3/mips.srcs/sources_1/imports/new/display_hex.vhd} -line 61
add_bp {Z:/rrutherford20/CS-401-1-CompArch/CompArchFinal/Working_MP3/mips.srcs/sources_1/imports/new/display_hex.vhd} 61
remove_bps -file {Z:/rrutherford20/CS-401-1-CompArch/CompArchFinal/Working_MP3/mips.srcs/sources_1/imports/new/display_hex.vhd} -line 61
add_bp {Z:/rrutherford20/CS-401-1-CompArch/CompArchFinal/Working_MP3/mips.srcs/sources_1/imports/new/display_hex.vhd} 61
close_sim
launch_simulation
open_wave_config Z:/rrutherford20/CS-401-1-CompArch/CompArchFinal/Working_MP3/mips_testbench_behav.wcfg
source mips_testbench.tcl
remove_bps -file {Z:/rrutherford20/CS-401-1-CompArch/CompArchFinal/Working_MP3/mips.srcs/sources_1/imports/new/display_hex.vhd} -line 61
add_bp {Z:/rrutherford20/CS-401-1-CompArch/CompArchFinal/Working_MP3/mips.srcs/sources_1/imports/new/display_hex.vhd} 61
remove_bps -file {Z:/rrutherford20/CS-401-1-CompArch/CompArchFinal/Working_MP3/mips.srcs/sources_1/imports/new/display_hex.vhd} -line 61
add_bp {Z:/rrutherford20/CS-401-1-CompArch/CompArchFinal/Working_MP3/mips.srcs/sources_1/imports/new/display_hex.vhd} 61
remove_bps -file {Z:/rrutherford20/CS-401-1-CompArch/CompArchFinal/Working_MP3/mips.srcs/sources_1/imports/new/display_hex.vhd} -line 61
add_bp {Z:/rrutherford20/CS-401-1-CompArch/CompArchFinal/Working_MP3/mips.srcs/sources_1/imports/new/display_hex.vhd} 61
remove_bps -file {Z:/rrutherford20/CS-401-1-CompArch/CompArchFinal/Working_MP3/mips.srcs/sources_1/imports/new/display_hex.vhd} -line 61
add_bp {Z:/rrutherford20/CS-401-1-CompArch/CompArchFinal/Working_MP3/mips.srcs/sources_1/imports/new/display_hex.vhd} 61
remove_bps -file {Z:/rrutherford20/CS-401-1-CompArch/CompArchFinal/Working_MP3/mips.srcs/sources_1/imports/new/display_hex.vhd} -line 61
add_bp {Z:/rrutherford20/CS-401-1-CompArch/CompArchFinal/Working_MP3/mips.srcs/sources_1/imports/new/display_hex.vhd} 61
remove_bps -file {Z:/rrutherford20/CS-401-1-CompArch/CompArchFinal/Working_MP3/mips.srcs/sources_1/imports/new/display_hex.vhd} -line 61
add_bp {Z:/rrutherford20/CS-401-1-CompArch/CompArchFinal/Working_MP3/mips.srcs/sources_1/imports/new/display_hex.vhd} 61
step
remove_bps -file {Z:/rrutherford20/CS-401-1-CompArch/CompArchFinal/Working_MP3/mips.srcs/sources_1/imports/new/display_hex.vhd} -line 61
add_bp {Z:/rrutherford20/CS-401-1-CompArch/CompArchFinal/Working_MP3/mips.srcs/sources_1/imports/new/display_hex.vhd} 61
remove_bps -file {Z:/rrutherford20/CS-401-1-CompArch/CompArchFinal/Working_MP3/mips.srcs/sources_1/imports/new/display_hex.vhd} -line 61
add_bp {Z:/rrutherford20/CS-401-1-CompArch/CompArchFinal/Working_MP3/mips.srcs/sources_1/imports/new/display_hex.vhd} 61
remove_bps -file {Z:/rrutherford20/CS-401-1-CompArch/CompArchFinal/Working_MP3/mips.srcs/sources_1/imports/new/display_hex.vhd} -line 61
add_bp {Z:/rrutherford20/CS-401-1-CompArch/CompArchFinal/Working_MP3/mips.srcs/sources_1/imports/new/display_hex.vhd} 61
remove_bps -file {Z:/rrutherford20/CS-401-1-CompArch/CompArchFinal/Working_MP3/mips.srcs/sources_1/imports/new/display_hex.vhd} -line 61
add_bp {Z:/rrutherford20/CS-401-1-CompArch/CompArchFinal/Working_MP3/mips.srcs/sources_1/imports/new/display_hex.vhd} 61
add_bp {Z:/rrutherford20/CS-401-1-CompArch/CompArchFinal/Working_MP3/mips.srcs/sources_1/imports/new/display_hex.vhd} 62
remove_bps -file {Z:/rrutherford20/CS-401-1-CompArch/CompArchFinal/Working_MP3/mips.srcs/sources_1/imports/new/display_hex.vhd} -line 62
remove_bps -file {Z:/rrutherford20/CS-401-1-CompArch/CompArchFinal/Working_MP3/mips.srcs/sources_1/imports/new/display_hex.vhd} -line 61
add_bp {Z:/rrutherford20/CS-401-1-CompArch/CompArchFinal/Working_MP3/mips.srcs/sources_1/imports/new/display_hex.vhd} 61
run 40 ns
run 40 ns
run 40 ns
run 40 ns
remove_bps -all
run 40 ns
run 40 ns
run 40 ns
restart
run 40 ns
run 40 ns
run 80 ns
run 80 ns
run 80 ns
run 80 ns
run 80 ns
restart
run 80 ns
run 80 ns
run 80 ns
run 80 ns
restart
run 80 ns
run 80 ns
run 80 ns
run 80 ns
run 80 ns
restart
run 80 ns
run 80 ns
run 80 ns
run 80 ns
run 80 ns
run 80 ns
run 80 ns
save_wave_config {Z:/rrutherford20/CS-401-1-CompArch/CompArchFinal/Working_MP3/mips_testbench_behav.wcfg}
close_sim
launch_simulation
open_wave_config Z:/rrutherford20/CS-401-1-CompArch/CompArchFinal/Working_MP3/mips_testbench_behav.wcfg
source mips_testbench.tcl
close_sim
launch_simulation
open_wave_config Z:/rrutherford20/CS-401-1-CompArch/CompArchFinal/Working_MP3/mips_testbench_behav.wcfg
source mips_testbench.tcl
close_sim
launch_simulation
open_wave_config Z:/rrutherford20/CS-401-1-CompArch/CompArchFinal/Working_MP3/mips_testbench_behav.wcfg
source mips_testbench.tcl
restart
run 80 ns
run 80 ns
run 80 ns
restart
run 40 ns
run 40 ns
run 40 ns
run 40 ns
run 40 ns
run 40 ns
run 40 ns
run 40 ns
run 40 ns
restart
run 40 ns
run 40 ns
run 40 ns
run 40 ns
run 40 ns
run 40 ns
run 20 ns
run 40 ns
run 40 ns
run 40 ns
run 40 ns
synth_design -rtl -name rtl_1
restart
run 40 ns
run 40 ns
run 40 ns
run 40 ns
restart
add_force {/mips_testbench/dut/mips1/address_b} -radix hex {1F 0ns}
run 40 ns
run 40 ns
remove_forces { {/mips_testbench/dut/mips1/address_b} }
run 40 ns
run 40 ns
run 40 ns
run 40 ns
run 40 ns
run 40 ns
run 40 ns
run 40 ns
run 40 ns
run 40 ns
run 40 ns
run 40 ns
run 40 ns
add_force {/mips_testbench/dut/mips1/address_b} -radix hex {1F 0ns}
run 40 ns
run 40 ns
report_methodology -name ultrafast_methodology_1 -checks {XDCH-2 XDCH-1 XDCC-8 XDCC-7 XDCC-6 XDCC-5 XDCC-4 XDCC-3 XDCC-2 XDCC-1 XDCB-5 XDCB-4 XDCB-3 XDCB-2 XDCB-1 CLKC-54 CLKC-53 CLKC-9 CLKC-5 CLKC-38 CLKC-37 CLKC-36 CLKC-35 CLKC-4 CLKC-18 CLKC-3 CLKC-2 CLKC-1 HPDR-1 RRRS-1 RROR-1 ROAS-1 RMOR-1 RMIR-1 RFTL-1 RFRC-1 RFRA-1 RFFI-1 RFFH-1 RFCF-1 RCCL-1 RCBG-1 RAMP-1 RAMF-1 RAMD-1 RAKN-1}
reset_run synth_1
launch_runs impl_1 -jobs 4
wait_on_run impl_1
open_run impl_1
open_run impl_1
save_wave_config {Z:/rrutherford20/CS-401-1-CompArch/CompArchFinal/Working_MP3/mips_testbench_behav.wcfg}
close_sim
close_design
refresh_design
launch_simulation
open_wave_config Z:/rrutherford20/CS-401-1-CompArch/CompArchFinal/Working_MP3/mips_testbench_behav.wcfg
source mips_testbench.tcl
close_sim
refresh_design
refresh_design
reset_run synth_1
launch_runs impl_1 -to_step write_bitstream -jobs 4
wait_on_run impl_1
open_hw
connect_hw_server
open_hw_target
set_property PROGRAM.FILE {Z:/rrutherford20/CS-401-1-CompArch/CompArchFinal/Working_MP3/mips.runs/impl_1/computer_top.bit} [get_hw_devices xc7a100t_0]
current_hw_device [get_hw_devices xc7a100t_0]
refresh_hw_device -update_hw_probes false [lindex [get_hw_devices xc7a100t_0] 0]
set_property PROBES.FILE {} [get_hw_devices xc7a100t_0]
set_property FULL_PROBES.FILE {} [get_hw_devices xc7a100t_0]
set_property PROGRAM.FILE {Z:/rrutherford20/CS-401-1-CompArch/CompArchFinal/Working_MP3/mips.runs/impl_1/computer_top.bit} [get_hw_devices xc7a100t_0]
program_hw_devices [get_hw_devices xc7a100t_0]
refresh_hw_device [lindex [get_hw_devices xc7a100t_0] 0]
launch_simulation
open_wave_config Z:/rrutherford20/CS-401-1-CompArch/CompArchFinal/Working_MP3/mips_testbench_behav.wcfg
source mips_testbench.tcl
restart
run 40 ns
run 40 ns
run 40 ns
run 40 ns
run 40 ns
run 40 ns
run 40 ns
restart
run 40 ns
run 40 ns
run 40 ns
restart
run 40 ns
run 40 ns
run 40 ns
close_sim
launch_simulation
open_wave_config Z:/rrutherford20/CS-401-1-CompArch/CompArchFinal/Working_MP3/mips_testbench_behav.wcfg
source mips_testbench.tcl
restart
run 40 ns
run 40 ns
run 40 ns
restart
add_force {/mips_testbench/dut/mips1/dmem1/addrb} -radix hex {01\ 0ns}
add_force {/mips_testbench/dut/mips1/dmem1/addrb} -radix hex {01 0ns}
run 40 ns
close_sim
close_design
add_files -norecurse Z:/rrutherford20/CS-401-1-CompArch/CompArchFinal/Working_MP3/mips.srcs/sources_1/imports/new/judeTest.dat
synth_design -rtl -name rtl_1
