#-----------------------------------------------------------
# Vivado v2018.2.1 (64-bit)
# SW Build 2288692 on Thu Jul 26 18:24:02 MDT 2018
# IP Build 2289599 on Thu Jul 26 21:09:20 MDT 2018
# Start of session at: Thu May  2 23:41:18 2019
# Process ID: 12044
# Current directory: Z:/rrutherford20/CS-401-1-CompArch/CompArchFinal/Working_MP3
# Command line: vivado.exe -gui_launcher_event rodinguilauncherevent1480 Z:\rrutherford20\CS-401-1-CompArch\CompArchFinal\Working_MP3\mips.xpr
# Log file: Z:/rrutherford20/CS-401-1-CompArch/CompArchFinal/Working_MP3/vivado.log
# Journal file: Z:/rrutherford20/CS-401-1-CompArch/CompArchFinal/Working_MP3\vivado.jou
#-----------------------------------------------------------
start_gui
open_project Z:/rrutherford20/CS-401-1-CompArch/CompArchFinal/Working_MP3/mips.xpr
launch_simulation
add_files -norecurse Z:/rrutherford20/CS-401-1-CompArch/CompArchFinal/Working_MP3/mips.srcs/sources_1/imports/new/memfile12321.dat
launch_simulation
open_wave_config Z:/rrutherford20/CS-401-1-CompArch/CompArchFinal/Working_MP3/mips_testbench_behav.wcfg
source mips_testbench.tcl
restart
run 20 ns
run 20 ns
run 20 ns
run 20 ns
run 20 ns
run 20 ns
run 20 ns
run 20 ns
restart
run 20 ns
run 20 ns
run 20 ns
run 20 ns
run 20 ns
run 20 ns
run 20 ns
run 20 ns
run 20 ns
run 20 ns
run 20 ns
run 20 ns
run 20 ns
run 20 ns
run 20 ns
restart
run 20 ns
run 20 ns
run 20 ns
run 20 ns
run 20 ns
run 20 ns
run 20 ns
run 20 ns
run 20 ns
run 20 ns
run 20 ns
run 20 ns
run 20 ns
run 20 ns
run 20 ns
run 20 ns
run 20 ns
run 20 ns
run 20 ns
run 20 ns
restart
run 20 ns
run 20 ns
run 20 ns
run 20 ns
run 20 ns
run 20 ns
run 20 ns
run 20 ns
run 20 ns
run 20 ns
run 20 ns
run 20 ns
run 20 ns
run 20 ns
run 20 ns
run 20 ns
run 20 ns
run 20 ns
run 20 ns
run 20 ns
run 20 ns
close_sim
