#-----------------------------------------------------------
# Vivado v2018.2.1 (64-bit)
# SW Build 2288692 on Thu Jul 26 18:24:02 MDT 2018
# IP Build 2289599 on Thu Jul 26 21:09:20 MDT 2018
# Start of session at: Tue Apr 30 11:25:48 2019
# Process ID: 12504
# Current directory: Z:/rrutherford20/CS-401-1-CompArch/CompArchFinal/Working_MP3
# Command line: vivado.exe -gui_launcher_event rodinguilauncherevent9424 Z:\rrutherford20\CS-401-1-CompArch\CompArchFinal\Working_MP3\mips.xpr
# Log file: Z:/rrutherford20/CS-401-1-CompArch/CompArchFinal/Working_MP3/vivado.log
# Journal file: Z:/rrutherford20/CS-401-1-CompArch/CompArchFinal/Working_MP3\vivado.jou
#-----------------------------------------------------------
start_gui
open_project Z:/rrutherford20/CS-401-1-CompArch/CompArchFinal/Working_MP3/mips.xpr
reset_run synth_1
reset_run dual_port_ram_synth_1
launch_runs impl_1 -to_step write_bitstream -jobs 4
wait_on_run impl_1
open_hw
connect_hw_server
open_hw_target
set_property PROGRAM.FILE {Z:/rrutherford20/CS-401-1-CompArch/CompArchFinal/Working_MP3/mips.runs/impl_1/computer_top.bit} [get_hw_devices xc7a100t_0]
current_hw_device [get_hw_devices xc7a100t_0]
refresh_hw_device -update_hw_probes false [lindex [get_hw_devices xc7a100t_0] 0]
set_property PROBES.FILE {} [get_hw_devices xc7a100t_0]
set_property FULL_PROBES.FILE {} [get_hw_devices xc7a100t_0]
set_property PROGRAM.FILE {Z:/rrutherford20/CS-401-1-CompArch/CompArchFinal/Working_MP3/mips.runs/impl_1/computer_top.bit} [get_hw_devices xc7a100t_0]
program_hw_devices [get_hw_devices xc7a100t_0]
refresh_hw_device [lindex [get_hw_devices xc7a100t_0] 0]
set_property PROBES.FILE {} [get_hw_devices xc7a100t_0]
set_property FULL_PROBES.FILE {} [get_hw_devices xc7a100t_0]
set_property PROGRAM.FILE {Z:/rrutherford20/CS-401-1-CompArch/CompArchFinal/Working_MP3/mips.runs/impl_1/computer_top.bit} [get_hw_devices xc7a100t_0]
program_hw_devices [get_hw_devices xc7a100t_0]
refresh_hw_device [lindex [get_hw_devices xc7a100t_0] 0]
reset_run impl_1 -prev_step 
launch_runs impl_1 -to_step write_bitstream -jobs 4
wait_on_run impl_1
set_property PROBES.FILE {} [get_hw_devices xc7a100t_0]
set_property FULL_PROBES.FILE {} [get_hw_devices xc7a100t_0]
set_property PROGRAM.FILE {Z:/rrutherford20/CS-401-1-CompArch/CompArchFinal/Working_MP3/mips.runs/impl_1/computer_top.bit} [get_hw_devices xc7a100t_0]
program_hw_devices [get_hw_devices xc7a100t_0]
refresh_hw_device [lindex [get_hw_devices xc7a100t_0] 0]
close_hw
reset_run synth_1
launch_runs synth_1 -jobs 4
wait_on_run synth_1
launch_runs impl_1 -to_step write_bitstream -jobs 4
wait_on_run impl_1
open_hw
connect_hw_server
open_hw_target
set_property PROGRAM.FILE {Z:/rrutherford20/CS-401-1-CompArch/CompArchFinal/Working_MP3/mips.runs/impl_1/computer_top.bit} [get_hw_devices xc7a100t_0]
current_hw_device [get_hw_devices xc7a100t_0]
refresh_hw_device -update_hw_probes false [lindex [get_hw_devices xc7a100t_0] 0]
set_property PROBES.FILE {} [get_hw_devices xc7a100t_0]
set_property FULL_PROBES.FILE {} [get_hw_devices xc7a100t_0]
set_property PROGRAM.FILE {Z:/rrutherford20/CS-401-1-CompArch/CompArchFinal/Working_MP3/mips.runs/impl_1/computer_top.bit} [get_hw_devices xc7a100t_0]
program_hw_devices [get_hw_devices xc7a100t_0]
refresh_hw_device [lindex [get_hw_devices xc7a100t_0] 0]
