#-----------------------------------------------------------
# Webtalk v2018.2.1 (64-bit)
# SW Build 2288692 on Thu Jul 26 18:24:02 MDT 2018
# IP Build 2289599 on Thu Jul 26 21:09:20 MDT 2018
# Start of session at: Sun May 12 11:00:42 2019
# Process ID: 8120
# Current directory: Z:/rrutherford20/CS-401-1-CompArch/CompArchFinal/Working_MP3/mips.sim/sim_1/behav/xsim
# Command line: wbtcv.exe -mode batch -source Z:/rrutherford20/CS-401-1-CompArch/CompArchFinal/Working_MP3/mips.sim/sim_1/behav/xsim/xsim.dir/mips_testbench_behav/webtalk/xsim_webtalk.tcl -notrace
# Log file: Z:/rrutherford20/CS-401-1-CompArch/CompArchFinal/Working_MP3/mips.sim/sim_1/behav/xsim/webtalk.log
# Journal file: Z:/rrutherford20/CS-401-1-CompArch/CompArchFinal/Working_MP3/mips.sim/sim_1/behav/xsim\webtalk.jou
#-----------------------------------------------------------
source Z:/rrutherford20/CS-401-1-CompArch/CompArchFinal/Working_MP3/mips.sim/sim_1/behav/xsim/xsim.dir/mips_testbench_behav/webtalk/xsim_webtalk.tcl -notrace
